
> glance-money@0.1.0 test
> vitest --run


[1m[46m RUN [49m[22m [36mv4.0.18 [39m[90mE:/benzondata/my_code/glance-money[39m

 [31mΓ¥»[39m src/__tests__/properties/internationalization.test.ts [2m([22m[2m5 tests[22m[2m | [22m[31m2 failed[39m[2m)[22m[32m 43[2mms[22m[39m
     [32mΓ£ô[39m should immediately update interface when language changes[32m 13[2mms[22m[39m
     [32mΓ£ô[39m should persist language preference across sessions[32m 2[2mms[22m[39m
[31m     [31m├ù[31m should handle session restoration correctly[39m[32m 14[2mms[22m[39m
[31m     [31m├ù[31m should default to Thai when no preference is stored[39m[32m 6[2mms[22m[39m
     [32mΓ£ô[39m should maintain language consistency across interface elements[32m 6[2mms[22m[39m
 [32mΓ£ô[39m src/__tests__/contexts/theme-context.test.tsx [2m([22m[2m6 tests[22m[2m)[22m[33m 460[2mms[22m[39m
     [33m[2mΓ£ô[22m[39m changes theme and triggers transition [33m 388[2mms[22m[39m
 [31mΓ¥»[39m src/__tests__/components/ui/category-selector.test.tsx [2m([22m[2m6 tests[22m[2m | [22m[31m2 failed[39m[2m)[22m[33m 815[2mms[22m[39m
     [32mΓ£ô[39m renders categories in grid format by default[32m 72[2mms[22m[39m
[31m     [31m├ù[31m shows visual feedback for selected category[39m[33m 531[2mms[22m[39m
[31m     [31m├ù[31m calls onSelect when category is clicked[39m[32m 84[2mms[22m[39m
     [32mΓ£ô[39m renders in list format when specified[32m 12[2mms[22m[39m
     [32mΓ£ô[39m shows "All Categories" option when showAllOption is true[32m 19[2mms[22m[39m
     [32mΓ£ô[39m calls onSelect with empty string when "All" is clicked[32m 92[2mms[22m[39m
 [32mΓ£ô[39m src/__tests__/components/ui/floating-action-button.test.tsx [2m([22m[2m10 tests[22m[2m)[22m[33m 783[2mms[22m[39m
     [33m[2mΓ£ô[22m[39m renders with default props [33m 484[2mms[22m[39m
 [32mΓ£ô[39m src/__tests__/components/dashboard/expense-chart.test.tsx [2m([22m[2m6 tests[22m[2m)[22m[33m 858[2mms[22m[39m
     [33m[2mΓ£ô[22m[39m shows loading state correctly [33m 376[2mms[22m[39m
 [32mΓ£ô[39m src/__tests__/components/transactions/transaction-list.test.tsx [2m([22m[2m7 tests[22m[2m)[22m[33m 644[2mms[22m[39m
 [32mΓ£ô[39m src/__tests__/components/dashboard/summary-cards.test.tsx [2m([22m[2m6 tests[22m[2m)[22m[33m 1052[2mms[22m[39m
     [33m[2mΓ£ô[22m[39m shows loading state correctly [33m 591[2mms[22m[39m
 [32mΓ£ô[39m src/__tests__/components/settings/settings-components.test.tsx [2m([22m[2m7 tests[22m[2m)[22m[33m 913[2mms[22m[39m
       [33m[2mΓ£ô[22m[39m should show language switcher [33m 324[2mms[22m[39m
 [32mΓ£ô[39m src/__tests__/components/goals/goal-form.test.tsx [2m([22m[2m6 tests[22m[2m)[22m[33m 1534[2mms[22m[39m
     [33m[2mΓ£ô[22m[39m renders basic form elements [33m 581[2mms[22m[39m
     [33m[2mΓ£ô[22m[39m shows loading state during submission [33m 350[2mms[22m[39m
 [31mΓ¥»[39m src/__tests__/components/transactions/transaction-form.test.tsx [2m([22m[2m8 tests[22m[2m | [22m[31m1 failed[39m[2m)[22m[33m 2135[2mms[22m[39m
     [33m[2mΓ£ô[22m[39m renders create form with default values [33m 582[2mms[22m[39m
     [32mΓ£ô[39m toggles between income and expense types[32m 91[2mms[22m[39m
     [32mΓ£ô[39m validates required fields[32m 162[2mms[22m[39m
[31m     [31m├ù[31m submits form with valid data[39m[33m 1185[2mms[22m[39m
     [32mΓ£ô[39m calls onCancel when cancel button is clicked[32m 13[2mms[22m[39m
     [32mΓ£ô[39m renders edit form with initial data[32m 37[2mms[22m[39m
     [32mΓ£ô[39m handles recurring transaction checkbox[32m 43[2mms[22m[39m
     [32mΓ£ô[39m optimizes amount input for mobile numeric keypad[32m 17[2mms[22m[39m
 [31mΓ¥»[39m src/__tests__/integration/basic-integration.test.tsx [2m([22m[2m10 tests[22m[2m | [22m[31m1 failed[39m[2m)[22m[33m 2192[2mms[22m[39m
[31m       [31m├ù[31m should render and interact with transaction form[39m[33m 1779[2mms[22m[39m
       [32mΓ£ô[39m should validate form fields[32m 84[2mms[22m[39m
       [32mΓ£ô[39m should toggle between income and expense[32m 41[2mms[22m[39m
       [32mΓ£ô[39m should format currency in different locales[32m 59[2mms[22m[39m
       [32mΓ£ô[39m should provide language context[32m 4[2mms[22m[39m
       [32mΓ£ô[39m should have proper form labels and inputs[32m 17[2mms[22m[39m
       [32mΓ£ô[39m should have mobile-optimized inputs[32m 36[2mms[22m[39m
       [32mΓ£ô[39m should handle form cancellation[32m 14[2mms[22m[39m
       [32mΓ£ô[39m should populate form in edit mode[32m 52[2mms[22m[39m
       [32mΓ£ô[39m should clear validation errors when user corrects input[32m 103[2mms[22m[39m
 [32mΓ£ô[39m src/__tests__/components/ui/pwa-status.test.tsx [2m([22m[2m7 tests[22m[2m)[22m[33m 715[2mms[22m[39m
 [32mΓ£ô[39m src/__tests__/components/goals/goal-progress-card.test.tsx [2m([22m[2m7 tests[22m[2m)[22m[33m 456[2mms[22m[39m
 [32mΓ£ô[39m src/__tests__/components/dashboard/net-status-card.test.tsx [2m([22m[2m6 tests[22m[2m)[22m[32m 185[2mms[22m[39m
 [32mΓ£ô[39m src/__tests__/components/ui/number-formatter.test.tsx [2m([22m[2m8 tests[22m[2m)[22m[32m 228[2mms[22m[39m
 [32mΓ£ô[39m src/__tests__/components/layout/responsive-layout.test.tsx [2m([22m[2m6 tests[22m[2m)[22m[33m 393[2mms[22m[39m
 [32mΓ£ô[39m src/__tests__/components/layout/touch-targets.test.tsx [2m([22m[2m4 tests[22m[2m)[22m[33m 491[2mms[22m[39m
     [33m[2mΓ£ô[22m[39m should ensure bottom navigation items meet minimum touch target height [33m 437[2mms[22m[39m
 [32mΓ£ô[39m src/__tests__/contexts/language-context.test.tsx [2m([22m[2m4 tests[22m[2m)[22m[32m 123[2mms[22m[39m
 [32mΓ£ô[39m src/__tests__/components/layout/responsive-layout-fab.test.tsx [2m([22m[2m5 tests[22m[2m)[22m[33m 956[2mms[22m[39m
     [33m[2mΓ£ô[22m[39m renders FAB by default [33m 591[2mms[22m[39m
 [32mΓ£ô[39m src/__tests__/components/ui/date-formatter.test.tsx [2m([22m[2m7 tests[22m[2m)[22m[32m 175[2mms[22m[39m
 [32mΓ£ô[39m src/__tests__/properties/net-status-calculation.test.ts [2m([22m[2m5 tests[22m[2m)[22m[32m 97[2mms[22m[39m
 [32mΓ£ô[39m src/__tests__/components/ui/currency-formatter.test.tsx [2m([22m[2m6 tests[22m[2m)[22m[32m 156[2mms[22m[39m
 [32mΓ£ô[39m src/__tests__/properties/transaction-entry-workflow.test.ts [2m([22m[2m5 tests[22m[2m)[22m[32m 95[2mms[22m[39m
 [32mΓ£ô[39m src/__tests__/utils/financial.test.ts [2m([22m[2m20 tests[22m[2m)[22m[32m 60[2mms[22m[39m
 [32mΓ£ô[39m src/__tests__/utils/formatting.test.ts [2m([22m[2m12 tests[22m[2m)[22m[32m 60[2mms[22m[39m
 [32mΓ£ô[39m src/__tests__/properties/touch-target-accessibility.test.ts [2m([22m[2m3 tests[22m[2m)[22m[32m 53[2mms[22m[39m
 [32mΓ£ô[39m src/__tests__/properties/user-data-isolation.test.ts [2m([22m[2m5 tests[22m[2m)[22m[32m 27[2mms[22m[39m
[90mstdout[2m | src/__tests__/services/realtimeService.test.ts[2m > [22m[2mRealtimeService[2m > [22m[2mConnection State Management[2m > [22m[2mshould initialize with disconnected state
[22m[39mUnsubscribing from all realtime subscriptions

[90mstdout[2m | src/__tests__/services/realtimeService.test.ts[2m > [22m[2mRealtimeService[2m > [22m[2mConnection State Management[2m > [22m[2mshould allow subscription to connection state changes
[22m[39mUnsubscribing from all realtime subscriptions

[90mstdout[2m | src/__tests__/services/realtimeService.test.ts[2m > [22m[2mRealtimeService[2m > [22m[2mReal-time Subscriptions[2m > [22m[2mshould create subscription for user data
[22m[39mUnsubscribing from all realtime subscriptions

[90mstdout[2m | src/__tests__/services/realtimeService.test.ts[2m > [22m[2mRealtimeService[2m > [22m[2mReal-time Subscriptions[2m > [22m[2mshould create subscription for user data
[22m[39mUnsubscribing from user_test-user-id

[90mstdout[2m | src/__tests__/services/realtimeService.test.ts[2m > [22m[2mRealtimeService[2m > [22m[2mReal-time Subscriptions[2m > [22m[2mshould handle multiple subscriptions
[22m[39mUnsubscribing from all realtime subscriptions

[90mstdout[2m | src/__tests__/services/realtimeService.test.ts[2m > [22m[2mRealtimeService[2m > [22m[2mReal-time Subscriptions[2m > [22m[2mshould handle multiple subscriptions
[22m[39mUnsubscribing from user_user-1
Unsubscribing from user_user-2

[90mstdout[2m | src/__tests__/services/realtimeService.test.ts[2m > [22m[2mRealtimeService[2m > [22m[2mReal-time Subscriptions[2m > [22m[2mshould unsubscribe correctly
[22m[39mUnsubscribing from all realtime subscriptions

[90mstdout[2m | src/__tests__/services/realtimeService.test.ts[2m > [22m[2mRealtimeService[2m > [22m[2mReal-time Subscriptions[2m > [22m[2mshould unsubscribe correctly
[22m[39mUnsubscribing from user_test-user-id

[90mstdout[2m | src/__tests__/services/realtimeService.test.ts[2m > [22m[2mRealtimeService[2m > [22m[2mConnection Status[2m > [22m[2mshould report connection status correctly
[22m[39mUnsubscribing from all realtime subscriptions

[90mstdout[2m | src/__tests__/services/realtimeService.test.ts[2m > [22m[2mRealtimeService[2m > [22m[2mConnection Status[2m > [22m[2mshould track active subscription count
[22m[39mUnsubscribing from all realtime subscriptions

[90mstdout[2m | src/__tests__/services/realtimeService.test.ts[2m > [22m[2mRealtimeService[2m > [22m[2mConnection Status[2m > [22m[2mshould track active subscription count
[22m[39mUnsubscribing from user_test-user

[90mstdout[2m | src/__tests__/services/realtimeService.test.ts[2m > [22m[2mRealtimeService[2m > [22m[2mError Handling[2m > [22m[2mshould handle subscription errors gracefully
[22m[39mUnsubscribing from all realtime subscriptions

[90mstdout[2m | src/__tests__/services/realtimeService.test.ts[2m > [22m[2mRealtimeService[2m > [22m[2mError Handling[2m > [22m[2mshould handle subscription errors gracefully
[22m[39mUnsubscribing from user_test-user-id

 [32mΓ£ô[39m src/__tests__/services/realtimeService.test.ts [2m([22m[2m8 tests[22m[2m)[22m[32m 25[2mms[22m[39m
 [32mΓ£ô[39m src/__tests__/services/financialService.test.ts [2m([22m[2m10 tests[22m[2m)[22m[32m 28[2mms[22m[39m
 [32mΓ£ô[39m src/__tests__/utils/validation.test.ts [2m([22m[2m25 tests[22m[2m)[22m[32m 25[2mms[22m[39m
 [32mΓ£ô[39m src/__tests__/properties/responsive-navigation.test.ts [2m([22m[2m3 tests[22m[2m)[22m[32m 27[2mms[22m[39m
 [32mΓ£ô[39m src/__tests__/services/transactionService.test.ts [2m([22m[2m6 tests[22m[2m)[22m[32m 13[2mms[22m[39m
 [32mΓ£ô[39m src/__tests__/services/goalService.test.ts [2m([22m[2m5 tests[22m[2m)[22m[32m 11[2mms[22m[39m
 [32mΓ£ô[39m src/__tests__/services/categoryService.test.ts [2m([22m[2m12 tests[22m[2m)[22m[32m 11[2mms[22m[39m
 [32mΓ£ô[39m src/__tests__/services/recurringTransactionService.test.ts [2m([22m[2m6 tests[22m[2m)[22m[32m 3[2mms[22m[39m

[2m Test Files [22m [1m[31m4 failed[39m[22m[2m | [22m[1m[32m31 passed[39m[22m[90m (35)[39m
[2m      Tests [22m [1m[31m6 failed[39m[22m[2m | [22m[1m[32m256 passed[39m[22m[90m (262)[39m
[2m   Start at [22m 11:50:39
[2m   Duration [22m 11.85s[2m (transform 5.31s, setup 6.18s, import 19.87s, tests 15.84s, environment 62.08s)[22m

